
Memory Configuration

Name             Origin             Length             Attributes
FLASH            0x0000000008000000 0x0000000000010000 xr
RAM              0x0000000020000000 0x0000000000005000 xrw
*default*        0x0000000000000000 0xffffffffffffffff

Linker script and memory map

LOAD /var/folders/ry/6wyjxk3954q3lmxb9xtc5tc40000gn/T//cc7NsXjc.o
LOAD /var/folders/ry/6wyjxk3954q3lmxb9xtc5tc40000gn/T//ccJKfWGi.o

.isr_vector     0x0000000008000000       0xec
 *(.isr_vector)
 .isr_vector    0x0000000008000000       0xec /var/folders/ry/6wyjxk3954q3lmxb9xtc5tc40000gn/T//cc7NsXjc.o
                0x0000000008000000                vector_table

.text           0x00000000080000ec      0x268
 *(.text*)
 .text          0x00000000080000ec       0x70 /var/folders/ry/6wyjxk3954q3lmxb9xtc5tc40000gn/T//cc7NsXjc.o
                0x00000000080000ec                USBWakeUp_IRQHandler
                0x00000000080000ec                DebugMon_Handler
                0x00000000080000ec                TIM1_CC_IRQHandler
                0x00000000080000ec                HardFault_Handler
                0x00000000080000ec                SysTick_Handler
                0x00000000080000ec                PVD_IRQHandler
                0x00000000080000ec                PendSV_Handler
                0x00000000080000ec                NMI_Handler
                0x00000000080000ec                EXTI3_IRQHandler
                0x00000000080000ec                USB_HP_CAN_TX_IRQHandler
                0x00000000080000ec                EXTI0_IRQHandler
                0x00000000080000ec                I2C2_EV_IRQHandler
                0x00000000080000ec                UsageFault_Handler
                0x00000000080000ec                ADC1_2_IRQHandler
                0x00000000080000ec                SPI1_IRQHandler
                0x00000000080000ec                CAN_SCE_IRQHandler
                0x00000000080000ec                TAMPER_IRQHandler
                0x00000000080000ec                DMA1_Channel4_IRQHandler
                0x00000000080000ec                USART3_IRQHandler
                0x00000000080000ec                RTC_IRQHandler
                0x00000000080000ec                DMA1_Channel7_IRQHandler
                0x00000000080000ec                EXTI2_IRQHandler
                0x00000000080000ec                TIM4_IRQHandler
                0x00000000080000ec                CAN_RX1_IRQHandler
                0x00000000080000ec                I2C1_EV_IRQHandler
                0x00000000080000ec                DMA1_Channel6_IRQHandler
                0x00000000080000ec                TIM3_IRQHandler
                0x00000000080000ec                RCC_IRQHandler
                0x00000000080000ec                TIM1_TRG_COM_IRQHandler
                0x00000000080000ec                DMA1_Channel1_IRQHandler
                0x00000000080000ec                Default_Handler
                0x00000000080000ec                EXTI15_10_IRQHandler
                0x00000000080000ec                EXTI9_5_IRQHandler
                0x00000000080000ec                SPI2_IRQHandler
                0x00000000080000ec                USB_LP_CAN_RX0_IRQHandler
                0x00000000080000ec                MemManage_Handler
                0x00000000080000ec                SVC_Handler
                0x00000000080000ec                DMA1_Channel5_IRQHandler
                0x00000000080000ec                EXTI4_IRQHandler
                0x00000000080000ec                DMA1_Channel3_IRQHandler
                0x00000000080000ec                TIM1_UP_IRQHandler
                0x00000000080000ec                WWDG_IRQHandler
                0x00000000080000ec                TIM2_IRQHandler
                0x00000000080000ec                TIM1_BRK_IRQHandler
                0x00000000080000ec                EXTI1_IRQHandler
                0x00000000080000ec                RTCAlarm_IRQHandler
                0x00000000080000ec                USART2_IRQHandler
                0x00000000080000ec                I2C2_ER_IRQHandler
                0x00000000080000ec                DMA1_Channel2_IRQHandler
                0x00000000080000ec                FLASH_IRQHandler
                0x00000000080000ec                BusFault_Handler
                0x00000000080000ec                USART1_IRQHandler
                0x00000000080000ec                I2C1_ER_IRQHandler
                0x00000000080000f2                Reset_Handler
 .text          0x000000000800015c      0x1f8 /var/folders/ry/6wyjxk3954q3lmxb9xtc5tc40000gn/T//ccJKfWGi.o
                0x000000000800015c                main
                0x0000000008000228                turn_off
                0x00000000080002a8                turn_on
                0x0000000008000314                delay
                0x0000000008000336                blink_loop
 *(.rodata*)

.glue_7         0x0000000008000354        0x0
 .glue_7        0x0000000008000354        0x0 linker stubs

.glue_7t        0x0000000008000354        0x0
 .glue_7t       0x0000000008000354        0x0 linker stubs

.vfp11_veneer   0x0000000008000354        0x0
 .vfp11_veneer  0x0000000008000354        0x0 linker stubs

.v4_bx          0x0000000008000354        0x0
 .v4_bx         0x0000000008000354        0x0 linker stubs

.iplt           0x0000000008000354        0x0
 .iplt          0x0000000008000354        0x0 /var/folders/ry/6wyjxk3954q3lmxb9xtc5tc40000gn/T//cc7NsXjc.o

.rel.dyn        0x0000000008000354        0x0
 .rel.iplt      0x0000000008000354        0x0 /var/folders/ry/6wyjxk3954q3lmxb9xtc5tc40000gn/T//cc7NsXjc.o

.data           0x0000000020000000        0x0 load address 0x0000000008000354
                0x0000000008000354                _data_load_start = LOADADDR (.data)
                0x0000000020000000                _data_start = .
 *(.data*)
 .data          0x0000000020000000        0x0 /var/folders/ry/6wyjxk3954q3lmxb9xtc5tc40000gn/T//cc7NsXjc.o
 .data          0x0000000020000000        0x0 /var/folders/ry/6wyjxk3954q3lmxb9xtc5tc40000gn/T//ccJKfWGi.o
                0x0000000020000000                _data_end = .

.igot.plt       0x0000000020000000        0x0 load address 0x0000000008000354
 .igot.plt      0x0000000020000000        0x0 /var/folders/ry/6wyjxk3954q3lmxb9xtc5tc40000gn/T//cc7NsXjc.o

.bss            0x0000000020000000        0x0 load address 0x0000000008000354
                0x0000000020000000                _bss_start = .
 *(.bss*)
 .bss           0x0000000020000000        0x0 /var/folders/ry/6wyjxk3954q3lmxb9xtc5tc40000gn/T//cc7NsXjc.o
 .bss           0x0000000020000000        0x0 /var/folders/ry/6wyjxk3954q3lmxb9xtc5tc40000gn/T//ccJKfWGi.o
 *(COMMON)
                0x0000000020000000                _bss_end = .
                0x0000000020005000                _stack_top = (ORIGIN (RAM) + LENGTH (RAM))
                [!provide]                        PROVIDE (__stack_top = _stack_top)
OUTPUT(main.elf elf32-littlearm)
LOAD linker stubs

.comment        0x0000000000000000       0x49
 .comment       0x0000000000000000       0x49 /var/folders/ry/6wyjxk3954q3lmxb9xtc5tc40000gn/T//cc7NsXjc.o
                                         0x4a (size before relaxing)
 .comment       0x0000000000000049       0x4a /var/folders/ry/6wyjxk3954q3lmxb9xtc5tc40000gn/T//ccJKfWGi.o

.ARM.attributes
                0x0000000000000000       0x2d
 .ARM.attributes
                0x0000000000000000       0x2d /var/folders/ry/6wyjxk3954q3lmxb9xtc5tc40000gn/T//cc7NsXjc.o
 .ARM.attributes
                0x000000000000002d       0x2d /var/folders/ry/6wyjxk3954q3lmxb9xtc5tc40000gn/T//ccJKfWGi.o
